[codescandy.com/geeks-bootstrap-5/pages/dashboard/ecommerce/products.html]
[codescandy.com/geeks-bootstrap-5/assets/fonts/feather/feather.css]
[codescandy.com/geeks-bootstrap-5/assets/libs/bootstrap-icons/font/bootstrap-icons.css]
[codescandy.com/geeks-bootstrap-5/assets/libs/@mdi/font/css/materialdesignicons.min.css]
[codescandy.com/geeks-bootstrap-5/assets/libs/simplebar/dist/simplebar.min.css]
[backblue.gif]
[fade.gif]
[index.html]
[codescandy.com/geeks-bootstrap-5/assets/css/theme.min.css]
[codescandy.com/geeks-bootstrap-5/pages/dashboard/ecommerce/product-grid.html]
[codescandy.com/geeks-bootstrap-5/pages/dashboard/ecommerce/product-grid-with-sidebar.html]
[codescandy.com/geeks-bootstrap-5/pages/dashboard/ecommerce/product-single.html]
[codescandy.com/geeks-bootstrap-5/pages/dashboard/ecommerce/product-single-v2.html]
[codescandy.com/geeks-bootstrap-5/pages/dashboard/ecommerce/add-product.html]
[codescandy.com/geeks-bootstrap-5/pages/dashboard/ecommerce/shopping-cart.html]
[codescandy.com/geeks-bootstrap-5/pages/dashboard/ecommerce/checkout.html]
[codescandy.com/geeks-bootstrap-5/pages/dashboard/ecommerce/order.html]
[codescandy.com/geeks-bootstrap-5/pages/dashboard/ecommerce/order-single.html]
[codescandy.com/geeks-bootstrap-5/pages/dashboard/ecommerce/order-history.html]
[codescandy.com/geeks-bootstrap-5/pages/dashboard/ecommerce/order-summary.html]
[codescandy.com/geeks-bootstrap-5/pages/dashboard/ecommerce/customers.html]
[codescandy.com/geeks-bootstrap-5/pages/dashboard/ecommerce/customer-single.html]
[codescandy.com/geeks-bootstrap-5/pages/dashboard/ecommerce/add-customer.html]
[codescandy.com/geeks-bootstrap-5/assets/images/background/giftbox.png]
[codescandy.com/geeks-bootstrap-5/assets/images/avatar/avatar-1.jpg]
[codescandy.com/geeks-bootstrap-5/assets/images/avatar/avatar-2.jpg]
[codescandy.com/geeks-bootstrap-5/assets/images/avatar/avatar-3.jpg]
[codescandy.com/geeks-bootstrap-5/assets/images/avatar/avatar-4.jpg]
[codescandy.com/geeks-bootstrap-5/pages/dashboard/ecommerce/admin-dashboard.html]
[codescandy.com/geeks-bootstrap-5/assets/images/ecommerce/ecommerce-img-1.jpg]
[codescandy.com/geeks-bootstrap-5/assets/images/ecommerce/ecommerce-img-2.jpg]
[codescandy.com/geeks-bootstrap-5/assets/images/ecommerce/ecommerce-img-3.jpg]
[codescandy.com/geeks-bootstrap-5/assets/images/ecommerce/ecommerce-img-4.jpg]
[codescandy.com/geeks-bootstrap-5/assets/images/ecommerce/ecommerce-img-5.jpg]
[codescandy.com/geeks-bootstrap-5/assets/images/ecommerce/ecommerce-img-6.jpg]
[codescandy.com/geeks-bootstrap-5/assets/images/ecommerce/ecommerce-img-7.jpg]
[codescandy.com/geeks-bootstrap-5/assets/images/ecommerce/ecommerce-img-8.jpg]
[codescandy.com/geeks-bootstrap-5/assets/images/ecommerce/ecommerce-img-9.jpg]
[codescandy.com/geeks-bootstrap-5/assets/libs/jquery/dist/jquery.min.js]
[codescandy.com/geeks-bootstrap-5/assets/libs/bootstrap/dist/js/bootstrap.bundle.min.js]
[codescandy.com/geeks-bootstrap-5/assets/libs/simplebar/dist/simplebar.min.js]
[codescandy.com/geeks-bootstrap-5/pages/dashboard/ecommerce/products.html]
[codescandy.com/geeks-bootstrap-5/assets/js/theme.min.js]
[codescandy.com/geeks-bootstrap-5/assets/fonts/feather/fonts/feather144f.ttf]
[codescandy.com/geeks-bootstrap-5/assets/fonts/feather/fonts/feather144f.woff]
[codescandy.com/geeks-bootstrap-5/assets/fonts/feather/feather.css]
[codescandy.com/geeks-bootstrap-5/assets/libs/bootstrap-icons/font/fonts/bootstrap-iconse52a.woff2]
[codescandy.com/geeks-bootstrap-5/assets/fonts/feather/fonts/feather144f.svg]
[codescandy.com/geeks-bootstrap-5/assets/libs/bootstrap-icons/font/fonts/bootstrap-iconse52a.woff]
[codescandy.com/geeks-bootstrap-5/assets/libs/bootstrap-icons/font/bootstrap-icons.css]
[codescandy.com/geeks-bootstrap-5/assets/libs/@mdi/font/css/materialdesignicons.min.css]
[codescandy.com/geeks-bootstrap-5/assets/libs/simplebar/dist/simplebar.min.css]
[codescandy.com/geeks-bootstrap-5/assets/css/theme.min.css]
[codescandy.com/geeks-bootstrap-5/assets/images/ecommerce/product-shoe-01.jpg]
[codescandy.com/geeks-bootstrap-5/assets/images/ecommerce/product-shoe-02.jpg]
[codescandy.com/geeks-bootstrap-5/assets/images/ecommerce/product-shoe-03.jpg]
[codescandy.com/geeks-bootstrap-5/assets/images/ecommerce/product-shoe-04.jpg]
[codescandy.com/geeks-bootstrap-5/assets/images/ecommerce/product-shoe-05.jpg]
[codescandy.com/geeks-bootstrap-5/assets/images/ecommerce/product-shoe-06.jpg]
[codescandy.com/geeks-bootstrap-5/assets/images/ecommerce/product-shoe-07.jpg]
[codescandy.com/geeks-bootstrap-5/assets/images/ecommerce/product-shoe-08.jpg]
[codescandy.com/geeks-bootstrap-5/pages/dashboard/ecommerce/product-grid.html]
[codescandy.com/geeks-bootstrap-5/pages/dashboard/ecommerce/product-grid-with-sidebar.html]
[codescandy.com/geeks-bootstrap-5/assets/libs/glightbox/dist/css/glightbox.min.css]
[codescandy.com/geeks-bootstrap-5/assets/images/ecommerce/product-slide-1.jpg]
[codescandy.com/geeks-bootstrap-5/assets/images/ecommerce/product-slide-2.jpg]
[codescandy.com/geeks-bootstrap-5/assets/images/ecommerce/product-slide-3.jpg]
[codescandy.com/geeks-bootstrap-5/assets/images/ecommerce/product-slide-4.jpg]
[codescandy.com/geeks-bootstrap-5/assets/images/ecommerce/product-slide-5.jpg]
[codescandy.com/geeks-bootstrap-5/pages/dashboard/ecommerce/product-single.html]
[codescandy.com/geeks-bootstrap-5/assets/libs/glightbox/dist/js/glightbox.min.js]
[codescandy.com/geeks-bootstrap-5/assets/libs/tiny-slider/dist/tiny-slider.css]
[codescandy.com/geeks-bootstrap-5/assets/libs/tiny-slider/dist/min/tiny-slider.js]
[codescandy.com/geeks-bootstrap-5/pages/dashboard/ecommerce/product-single-v2.html]
[codescandy.com/geeks-bootstrap-5/assets/js/vendors/tnsSlider.js]
[codescandy.com/geeks-bootstrap-5/assets/libs/dropzone/dist/dropzone.css]
[codescandy.com/geeks-bootstrap-5/assets/libs/@yaireo/tagify/dist/tagify.css]
[codescandy.com/geeks-bootstrap-5/assets/libs/@yaireo/tagify/dist/tagify.min.js]
[codescandy.com/geeks-bootstrap-5/assets/libs/dropzone/dist/min/dropzone.min.js]
[codescandy.com/geeks-bootstrap-5/assets/libs/quill/dist/quill.min.js]
[codescandy.com/geeks-bootstrap-5/assets/js/vendors/editor.js]
[codescandy.com/geeks-bootstrap-5/assets/libs/flatpickr/dist/flatpickr.min.js]
[codescandy.com/geeks-bootstrap-5/pages/dashboard/ecommerce/add-product.html]
[codescandy.com/geeks-bootstrap-5/assets/js/vendors/flatpickr.js]
[codescandy.com/geeks-bootstrap-5/pages/dashboard/ecommerce/shopping-cart.html]
[codescandy.com/geeks-bootstrap-5/assets/js/vendors/increment-value.js]
[codescandy.com/geeks-bootstrap-5/assets/libs/inputmask/dist/jquery.inputmask.min.js]
[codescandy.com/geeks-bootstrap-5/assets/libs/bs-stepper/dist/js/bs-stepper.min.js]
[codescandy.com/geeks-bootstrap-5/assets/js/vendors/beStepper.js]
[codescandy.com/geeks-bootstrap-5/pages/dashboard/ecommerce/checkout.html]
[codescandy.com/geeks-bootstrap-5/pages/dashboard/ecommerce/order.html]
[codescandy.com/geeks-bootstrap-5/assets/js/vendors/inputmask.js]
[codescandy.com/geeks-bootstrap-5/assets/images/avatar/avatar-12.jpg]
[codescandy.com/geeks-bootstrap-5/pages/dashboard/ecommerce/order-single.html]
[codescandy.com/geeks-bootstrap-5/pages/dashboard/ecommerce/order-history.html]
[codescandy.com/geeks-bootstrap-5/pages/dashboard/ecommerce/order-summary.html]
[codescandy.com/geeks-bootstrap-5/assets/images/avatar/avatar-5.jpg]
[codescandy.com/geeks-bootstrap-5/assets/images/avatar/avatar-10.jpg]
[codescandy.com/geeks-bootstrap-5/assets/images/avatar/avatar-7.jpg]
[codescandy.com/geeks-bootstrap-5/assets/images/avatar/avatar-8.jpg]
[codescandy.com/geeks-bootstrap-5/assets/images/avatar/avatar-11.jpg]
[codescandy.com/geeks-bootstrap-5/assets/images/avatar/avatar-9.jpg]
[codescandy.com/geeks-bootstrap-5/assets/libs/@popperjs/core/dist/umd/popper.min.js]
[codescandy.com/geeks-bootstrap-5/assets/libs/tippy.js/dist/tippy-bundle.umd.min.js]
[codescandy.com/geeks-bootstrap-5/pages/dashboard/ecommerce/customers.html]
[codescandy.com/geeks-bootstrap-5/pages/dashboard/ecommerce/customer-single.html]
[codescandy.com/geeks-bootstrap-5/pages/dashboard/ecommerce/add-customer.html]
[codescandy.com/geeks-bootstrap-5/pages/dashboard/ecommerce/admin-dashboard.html]
[codescandy.com/geeks-bootstrap-5/assets/fonts/feather/fonts/feather144f.svg]
[codescandy.com/geeks-bootstrap-5/assets/libs/glightbox/dist/css/glightbox.min.css]
[codescandy.com/geeks-bootstrap-5/assets/libs/tiny-slider/dist/tiny-slider.css]
[codescandy.com/geeks-bootstrap-5/assets/libs/dropzone/dist/dropzone.css]
[codescandy.com/geeks-bootstrap-5/assets/libs/@yaireo/tagify/dist/tagify.css]
[codescandy.com/geeks-bootstrap-5/assets/js/vendors/tooltip.js]
